// Jest Snapshot v1, https://goo.gl/fbAQLP

exports[`App Component renders empty given no seclection 1`] = `
<div>
  <div
    className="App"
  >
    <HelloWorld />
  </div>
  <div>
    <RouletteGun
      bulletInChamber={8}
    />
  </div>
  <div>
    <Accordion
      content="Lorem ipsum dolor sit amet consectetur adipisicing elit."
      key="0"
      title="Section 1"
    />
    <Accordion
      content="Cupiditate tenetur aliquam necessitatibus id distinctio quas nihil ipsam nisi modi!"
      key="1"
      title="Section 2"
    />
    <Accordion
      content="Animi amet cumque sint cupiditate officia ab voluptatibus libero optio et?"
      key="2"
      title="Section 3"
    />
  </div>
</div>
`;

exports[`App Component renders with all tabs 1`] = `
<div>
  <div
    className="App"
  >
    <HelloWorld />
  </div>
  <div>
    <RouletteGun
      bulletInChamber={8}
    />
  </div>
  <div>
    <Accordion
      content="Lorem ipsum dolor sit amet consectetur adipisicing elit."
      key="0"
      title="Section 1"
    />
    <Accordion
      content="Cupiditate tenetur aliquam necessitatibus id distinctio quas nihil ipsam nisi modi!"
      key="1"
      title="Section 2"
    />
    <Accordion
      content="Animi amet cumque sint cupiditate officia ab voluptatibus libero optio et?"
      key="2"
      title="Section 3"
    />
  </div>
</div>
`;
